21:50:25 **** Incremental Build of configuration Debug for project 011_task_scheduler ****
make -j12 all 
arm-none-eabi-gcc "../Src/main.c" -mcpu=cortex-m4 -std=gnu11 -g3 -DDEBUG -DSTM32 -DSTM32F407G_DISC1 -DSTM32F4 -DSTM32F407VGTx -c -I../Inc -O0 -ffunction-sections -fdata-sections -Wall -fstack-usage -fcyclomatic-complexity -MMD -MP -MF"Src/main.d" -MT"Src/main.o" --specs=nano.specs -mfpu=fpv4-sp-d16 -mfloat-abi=hard -mthumb -o "Src/main.o"
arm-none-eabi-gcc -o "011_task_scheduler.elf" @"objects.list"   -mcpu=cortex-m4 -T"E:\2.Embedded\microtroller\ARM_cortex\CortexMx_STM32IDE\011_task_schduler\STM32F407VGTX_FLASH.ld" --specs=nosys.specs -Wl,-Map="011_task_scheduler.map" -Wl,--gc-sections -static --specs=nano.specs -mfpu=fpv4-sp-d16 -mfloat-abi=hard -mthumb -Wl,--start-group -lc -lm -Wl,--end-group
Finished building target: 011_task_scheduler.elf
 
arm-none-eabi-size  011_task_scheduler.elf 
arm-none-eabi-objdump -h -S 011_task_scheduler.elf  > "011_task_scheduler.list"
   text	   data	    bss	    dec	    hex	filename
    816	      0	   1568	   2384	    950	011_task_scheduler.elf
Finished building: default.size.stdout
 
Finished building: 011_task_scheduler.list
 
